// Vitest Snapshot v1, https://vitest.dev/guide/snapshot.html

exports[`Activity > should render itself 1`] = `
<div
  class="tab-wrapper"
  data-v-c36ebc18=""
  data-v-c7b06952=""
>
  
  <div
    class="tab-content"
    data-v-c36ebc18=""
  >
    <div
      class="row"
      data-v-c36ebc18=""
    >
      <p
        data-v-c36ebc18=""
      >
        Skill:
      </p>
      <div
        class="el-dropdown dropdown-main"
        data-v-5a0e424c=""
        data-v-c36ebc18=""
      >
        
        <span
          aria-controls="el-id-3674-1"
          aria-expanded="false"
          aria-haspopup="menu"
          class="el-dropdown el-tooltip__trigger el-tooltip__trigger"
          data-v-5a0e424c=""
          id="el-id-3674-0"
          role="button"
          tabindex="0"
        >
          <span
            class="dropdown"
            data-v-5a0e424c=""
          >
            None
          </span>
        </span>
        <!--teleport start-->
        <!--teleport end-->
        
        <!--v-if-->
      </div>
    </div>
    <div
      class="row"
      data-v-c36ebc18=""
    >
      <p
        data-v-c36ebc18=""
      >
        Activity:
      </p>
      <div
        class="el-dropdown dropdown-main"
        data-v-5a0e424c=""
        data-v-c36ebc18=""
      >
        
        <span
          aria-controls="el-id-3674-4"
          aria-expanded="false"
          aria-haspopup="menu"
          class="el-dropdown el-tooltip__trigger el-tooltip__trigger"
          data-v-5a0e424c=""
          id="el-id-3674-3"
          role="button"
          tabindex="0"
        >
          <span
            class="dropdown"
            data-v-5a0e424c=""
          >
            None
          </span>
        </span>
        <!--teleport start-->
        <!--teleport end-->
        
        <!--v-if-->
      </div>
    </div>
  </div>
  
</div>
`;
